------------------------------------------------------------
TimeQuest Timing Analyzer Summary
------------------------------------------------------------

Type  : Slow 1100mV 85C Model Setup 'sys_vga:u0|sys_vga_Arm_A9_HPS:arm_a9_hps|sys_vga_Arm_A9_HPS_hps_io:hps_io|sys_vga_Arm_A9_HPS_hps_io_border:border|hps_sdram:hps_sdram_inst|hps_sdram_pll:pll|afi_clk_write_clk'
Slack : 2.563
TNS   : 0.000

Type  : Slow 1100mV 85C Model Setup 'altera_reserved_tck'
Slack : 8.730
TNS   : 0.000

Type  : Slow 1100mV 85C Model Hold 'sys_vga:u0|sys_vga_Arm_A9_HPS:arm_a9_hps|sys_vga_Arm_A9_HPS_hps_io:hps_io|sys_vga_Arm_A9_HPS_hps_io_border:border|hps_sdram:hps_sdram_inst|hps_sdram_pll:pll|afi_clk_write_clk'
Slack : 0.143
TNS   : 0.000

Type  : Slow 1100mV 85C Model Hold 'altera_reserved_tck'
Slack : 0.453
TNS   : 0.000

Type  : Slow 1100mV 85C Model Recovery 'sys_vga:u0|sys_vga_Arm_A9_HPS:arm_a9_hps|sys_vga_Arm_A9_HPS_hps_io:hps_io|sys_vga_Arm_A9_HPS_hps_io_border:border|hps_sdram:hps_sdram_inst|hps_sdram_pll:pll|afi_clk_write_clk'
Slack : 5.041
TNS   : 0.000

Type  : Slow 1100mV 85C Model Recovery 'altera_reserved_tck'
Slack : 9.312
TNS   : 0.000

Type  : Slow 1100mV 85C Model Removal 'sys_vga:u0|sys_vga_Arm_A9_HPS:arm_a9_hps|sys_vga_Arm_A9_HPS_hps_io:hps_io|sys_vga_Arm_A9_HPS_hps_io_border:border|hps_sdram:hps_sdram_inst|hps_sdram_pll:pll|afi_clk_write_clk'
Slack : 0.470
TNS   : 0.000

Type  : Slow 1100mV 85C Model Removal 'altera_reserved_tck'
Slack : 0.719
TNS   : 0.000

Type  : Slow 1100mV 85C Model Minimum Pulse Width 'sys_vga:u0|sys_vga_Arm_A9_HPS:arm_a9_hps|sys_vga_Arm_A9_HPS_hps_io:hps_io|sys_vga_Arm_A9_HPS_hps_io_border:border|hps_sdram:hps_sdram_inst|hps_sdram_pll:pll|pll_write_clk_dq_write_clk'
Slack : 1.025
TNS   : 0.000

Type  : Slow 1100mV 85C Model Minimum Pulse Width 'sys_vga:u0|sys_vga_Arm_A9_HPS:arm_a9_hps|sys_vga_Arm_A9_HPS_hps_io:hps_io|sys_vga_Arm_A9_HPS_hps_io_border:border|hps_sdram:hps_sdram_inst|hps_sdram_pll:pll|afi_clk_write_clk'
Slack : 1.039
TNS   : 0.000

Type  : Slow 1100mV 85C Model Minimum Pulse Width 'altera_reserved_tck'
Slack : 15.561
TNS   : 0.000

Type  : Slow 1100mV 0C Model Setup 'sys_vga:u0|sys_vga_Arm_A9_HPS:arm_a9_hps|sys_vga_Arm_A9_HPS_hps_io:hps_io|sys_vga_Arm_A9_HPS_hps_io_border:border|hps_sdram:hps_sdram_inst|hps_sdram_pll:pll|afi_clk_write_clk'
Slack : 2.560
TNS   : 0.000

Type  : Slow 1100mV 0C Model Setup 'altera_reserved_tck'
Slack : 9.061
TNS   : 0.000

Type  : Slow 1100mV 0C Model Hold 'sys_vga:u0|sys_vga_Arm_A9_HPS:arm_a9_hps|sys_vga_Arm_A9_HPS_hps_io:hps_io|sys_vga_Arm_A9_HPS_hps_io_border:border|hps_sdram:hps_sdram_inst|hps_sdram_pll:pll|afi_clk_write_clk'
Slack : 0.162
TNS   : 0.000

Type  : Slow 1100mV 0C Model Hold 'altera_reserved_tck'
Slack : 0.429
TNS   : 0.000

Type  : Slow 1100mV 0C Model Recovery 'sys_vga:u0|sys_vga_Arm_A9_HPS:arm_a9_hps|sys_vga_Arm_A9_HPS_hps_io:hps_io|sys_vga_Arm_A9_HPS_hps_io_border:border|hps_sdram:hps_sdram_inst|hps_sdram_pll:pll|afi_clk_write_clk'
Slack : 5.134
TNS   : 0.000

Type  : Slow 1100mV 0C Model Recovery 'altera_reserved_tck'
Slack : 9.687
TNS   : 0.000

Type  : Slow 1100mV 0C Model Removal 'sys_vga:u0|sys_vga_Arm_A9_HPS:arm_a9_hps|sys_vga_Arm_A9_HPS_hps_io:hps_io|sys_vga_Arm_A9_HPS_hps_io_border:border|hps_sdram:hps_sdram_inst|hps_sdram_pll:pll|afi_clk_write_clk'
Slack : 0.460
TNS   : 0.000

Type  : Slow 1100mV 0C Model Removal 'altera_reserved_tck'
Slack : 0.695
TNS   : 0.000

Type  : Slow 1100mV 0C Model Minimum Pulse Width 'sys_vga:u0|sys_vga_Arm_A9_HPS:arm_a9_hps|sys_vga_Arm_A9_HPS_hps_io:hps_io|sys_vga_Arm_A9_HPS_hps_io_border:border|hps_sdram:hps_sdram_inst|hps_sdram_pll:pll|pll_write_clk_dq_write_clk'
Slack : 1.030
TNS   : 0.000

Type  : Slow 1100mV 0C Model Minimum Pulse Width 'sys_vga:u0|sys_vga_Arm_A9_HPS:arm_a9_hps|sys_vga_Arm_A9_HPS_hps_io:hps_io|sys_vga_Arm_A9_HPS_hps_io_border:border|hps_sdram:hps_sdram_inst|hps_sdram_pll:pll|afi_clk_write_clk'
Slack : 1.046
TNS   : 0.000

Type  : Slow 1100mV 0C Model Minimum Pulse Width 'altera_reserved_tck'
Slack : 15.518
TNS   : 0.000

Type  : Fast 1100mV 85C Model Setup 'sys_vga:u0|sys_vga_Arm_A9_HPS:arm_a9_hps|sys_vga_Arm_A9_HPS_hps_io:hps_io|sys_vga_Arm_A9_HPS_hps_io_border:border|hps_sdram:hps_sdram_inst|hps_sdram_pll:pll|afi_clk_write_clk'
Slack : 2.943
TNS   : 0.000

Type  : Fast 1100mV 85C Model Setup 'altera_reserved_tck'
Slack : 11.778
TNS   : 0.000

Type  : Fast 1100mV 85C Model Hold 'sys_vga:u0|sys_vga_Arm_A9_HPS:arm_a9_hps|sys_vga_Arm_A9_HPS_hps_io:hps_io|sys_vga_Arm_A9_HPS_hps_io_border:border|hps_sdram:hps_sdram_inst|hps_sdram_pll:pll|afi_clk_write_clk'
Slack : 0.084
TNS   : 0.000

Type  : Fast 1100mV 85C Model Hold 'altera_reserved_tck'
Slack : 0.206
TNS   : 0.000

Type  : Fast 1100mV 85C Model Recovery 'sys_vga:u0|sys_vga_Arm_A9_HPS:arm_a9_hps|sys_vga_Arm_A9_HPS_hps_io:hps_io|sys_vga_Arm_A9_HPS_hps_io_border:border|hps_sdram:hps_sdram_inst|hps_sdram_pll:pll|afi_clk_write_clk'
Slack : 5.393
TNS   : 0.000

Type  : Fast 1100mV 85C Model Recovery 'altera_reserved_tck'
Slack : 11.743
TNS   : 0.000

Type  : Fast 1100mV 85C Model Removal 'altera_reserved_tck'
Slack : 0.367
TNS   : 0.000

Type  : Fast 1100mV 85C Model Removal 'sys_vga:u0|sys_vga_Arm_A9_HPS:arm_a9_hps|sys_vga_Arm_A9_HPS_hps_io:hps_io|sys_vga_Arm_A9_HPS_hps_io_border:border|hps_sdram:hps_sdram_inst|hps_sdram_pll:pll|afi_clk_write_clk'
Slack : 0.497
TNS   : 0.000

Type  : Fast 1100mV 85C Model Minimum Pulse Width 'sys_vga:u0|sys_vga_Arm_A9_HPS:arm_a9_hps|sys_vga_Arm_A9_HPS_hps_io:hps_io|sys_vga_Arm_A9_HPS_hps_io_border:border|hps_sdram:hps_sdram_inst|hps_sdram_pll:pll|pll_write_clk_dq_write_clk'
Slack : 1.300
TNS   : 0.000

Type  : Fast 1100mV 85C Model Minimum Pulse Width 'sys_vga:u0|sys_vga_Arm_A9_HPS:arm_a9_hps|sys_vga_Arm_A9_HPS_hps_io:hps_io|sys_vga_Arm_A9_HPS_hps_io_border:border|hps_sdram:hps_sdram_inst|hps_sdram_pll:pll|afi_clk_write_clk'
Slack : 1.307
TNS   : 0.000

Type  : Fast 1100mV 85C Model Minimum Pulse Width 'altera_reserved_tck'
Slack : 15.573
TNS   : 0.000

Type  : Fast 1100mV 0C Model Setup 'sys_vga:u0|sys_vga_Arm_A9_HPS:arm_a9_hps|sys_vga_Arm_A9_HPS_hps_io:hps_io|sys_vga_Arm_A9_HPS_hps_io_border:border|hps_sdram:hps_sdram_inst|hps_sdram_pll:pll|afi_clk_write_clk'
Slack : 2.943
TNS   : 0.000

Type  : Fast 1100mV 0C Model Setup 'altera_reserved_tck'
Slack : 12.414
TNS   : 0.000

Type  : Fast 1100mV 0C Model Hold 'sys_vga:u0|sys_vga_Arm_A9_HPS:arm_a9_hps|sys_vga_Arm_A9_HPS_hps_io:hps_io|sys_vga_Arm_A9_HPS_hps_io_border:border|hps_sdram:hps_sdram_inst|hps_sdram_pll:pll|afi_clk_write_clk'
Slack : 0.077
TNS   : 0.000

Type  : Fast 1100mV 0C Model Hold 'altera_reserved_tck'
Slack : 0.176
TNS   : 0.000

Type  : Fast 1100mV 0C Model Recovery 'sys_vga:u0|sys_vga_Arm_A9_HPS:arm_a9_hps|sys_vga_Arm_A9_HPS_hps_io:hps_io|sys_vga_Arm_A9_HPS_hps_io_border:border|hps_sdram:hps_sdram_inst|hps_sdram_pll:pll|afi_clk_write_clk'
Slack : 5.491
TNS   : 0.000

Type  : Fast 1100mV 0C Model Recovery 'altera_reserved_tck'
Slack : 12.447
TNS   : 0.000

Type  : Fast 1100mV 0C Model Removal 'altera_reserved_tck'
Slack : 0.321
TNS   : 0.000

Type  : Fast 1100mV 0C Model Removal 'sys_vga:u0|sys_vga_Arm_A9_HPS:arm_a9_hps|sys_vga_Arm_A9_HPS_hps_io:hps_io|sys_vga_Arm_A9_HPS_hps_io_border:border|hps_sdram:hps_sdram_inst|hps_sdram_pll:pll|afi_clk_write_clk'
Slack : 0.473
TNS   : 0.000

Type  : Fast 1100mV 0C Model Minimum Pulse Width 'sys_vga:u0|sys_vga_Arm_A9_HPS:arm_a9_hps|sys_vga_Arm_A9_HPS_hps_io:hps_io|sys_vga_Arm_A9_HPS_hps_io_border:border|hps_sdram:hps_sdram_inst|hps_sdram_pll:pll|pll_write_clk_dq_write_clk'
Slack : 1.304
TNS   : 0.000

Type  : Fast 1100mV 0C Model Minimum Pulse Width 'sys_vga:u0|sys_vga_Arm_A9_HPS:arm_a9_hps|sys_vga_Arm_A9_HPS_hps_io:hps_io|sys_vga_Arm_A9_HPS_hps_io_border:border|hps_sdram:hps_sdram_inst|hps_sdram_pll:pll|afi_clk_write_clk'
Slack : 1.311
TNS   : 0.000

Type  : Fast 1100mV 0C Model Minimum Pulse Width 'altera_reserved_tck'
Slack : 15.601
TNS   : 0.000

------------------------------------------------------------
Info: see the "DDR report" for DDR timing results
------------------------------------------------------------
------------------------------------------------------------
